// Jest Snapshot v1, https://goo.gl/fbAQLP

exports[`App renders 1`] = `
<div>
  <h1
    className="sc-bdVaJa dJdHpx"
  >
    Hi Styles
  </h1>
  <p>
    Do you like numbers? Great!
     
    <a
      href="#"
      onClick={[Function]}
    >
      Add more
    </a>
  </p>
  <ul
    className="sc-bwzfXH fGIOEA"
  >
    <li
      className="sc-htpNat cgsvxu"
    >
      0
    </li>
  </ul>
</div>
`;
